
Circuit 1 cell sky130_fd_pr__nfet_01v8 and Circuit 2 cell sky130_fd_pr__nfet_01v8 are black boxes.
Equate elements:  no current cell.
Device classes sky130_fd_pr__nfet_01v8 and sky130_fd_pr__nfet_01v8 are equivalent.

Subcircuit summary:
Circuit 1: /home/soumyadev158/ANALOG_DESIG |Circuit 2: /home/soumyadev158/ANALOG_DESIG 
-------------------------------------------|-------------------------------------------
sky130_fd_pr__nfet_01v8 (8->2)             |sky130_fd_pr__nfet_01v8 (8) **Mismatch**   
Number of devices: 2 **Mismatch**          |Number of devices: 8 **Mismatch**          
Number of nets: 3 **Mismatch**             |Number of nets: 10 **Mismatch**            
---------------------------------------------------------------------------------------
NET mismatches: Class fragments follow (with fanout counts):
Circuit 1: /home/soumyadev158/ANALOG_DESIG |Circuit 2: /home/soumyadev158/ANALOG_DESIG 

---------------------------------------------------------------------------------------
Net: CS                                    |Net: cs                                    
  sky130_fd_pr__nfet_01v8/2 = 2            |  sky130_fd_pr__nfet_01v8/2 = 8            
  sky130_fd_pr__nfet_01v8/(1|3) = 1        |                                           
                                           |                                           
Net: toM6                                  |Net: a_n250_0#                             
  sky130_fd_pr__nfet_01v8/(1|3) = 1        |  sky130_fd_pr__nfet_01v8/(1|3) = 1        
                                           |                                           
(no matching net)                          |Net: a_950_0#                              
                                           |  sky130_fd_pr__nfet_01v8/(1|3) = 2        
                                           |                                           
(no matching net)                          |Net: a_1750_0#                             
                                           |  sky130_fd_pr__nfet_01v8/(1|3) = 2        
                                           |                                           
(no matching net)                          |Net: a_1350_0#                             
                                           |  sky130_fd_pr__nfet_01v8/(1|3) = 2        
                                           |                                           
(no matching net)                          |Net: a_550_0#                              
                                           |  sky130_fd_pr__nfet_01v8/(1|3) = 2        
                                           |                                           
(no matching net)                          |Net: a_2150_0#                             
                                           |  sky130_fd_pr__nfet_01v8/(1|3) = 2        
                                           |                                           
(no matching net)                          |Net: a_2950_0#                             
                                           |  sky130_fd_pr__nfet_01v8/(1|3) = 1        
                                           |                                           
(no matching net)                          |Net: GND                                   
                                           |  sky130_fd_pr__nfet_01v8/4 = 8            
---------------------------------------------------------------------------------------

---------------------------------------------------------------------------------------
Net: GND                                   |Net: toM6                                  
  sky130_fd_pr__nfet_01v8/(1|3) = 2        |  sky130_fd_pr__nfet_01v8/(1|3) = 4        
  sky130_fd_pr__nfet_01v8/4 = 2            |                                           
---------------------------------------------------------------------------------------
DEVICE mismatches: Class fragments follow (with node fanout counts):
Circuit 1: /home/soumyadev158/ANALOG_DESIG |Circuit 2: /home/soumyadev158/ANALOG_DESIG 

---------------------------------------------------------------------------------------
Instance: sky130_fd_pr__nfet_01v8:M1       |Instance: sky130_fd_pr__nfet_01v8:0        
  (1,3) = (4,3)                            |  (1,3) = (2,2)                            
  2 = 3                                    |  2 = 8                                    
  4 = 4                                    |  4 = 8                                    
                                           |                                           
Instance: sky130_fd_pr__nfet_01v8:M2       |Instance: sky130_fd_pr__nfet_01v8:1        
  (1,3) = (4,1)                            |  (1,3) = (2,2)                            
  2 = 3                                    |  2 = 8                                    
  4 = 4                                    |  4 = 8                                    
                                           |                                           
(no matching instance)                     |Instance: sky130_fd_pr__nfet_01v8:4        
                                           |  (1,3) = (2,2)                            
                                           |  2 = 8                                    
                                           |  4 = 8                                    
                                           |                                           
                                           |                                           
(no matching instance)                     |Instance: sky130_fd_pr__nfet_01v8:7        
                                           |  (1,3) = (2,2)                            
                                           |  2 = 8                                    
                                           |  4 = 8                                    
                                           |                                           
                                           |                                           
(no matching instance)                     |Instance: sky130_fd_pr__nfet_01v8:2        
                                           |  (1,3) = (4,1)                            
                                           |  2 = 8                                    
                                           |  4 = 8                                    
                                           |                                           
                                           |                                           
(no matching instance)                     |Instance: sky130_fd_pr__nfet_01v8:3        
                                           |  (1,3) = (4,2)                            
                                           |  2 = 8                                    
                                           |  4 = 8                                    
                                           |                                           
                                           |                                           
(no matching instance)                     |Instance: sky130_fd_pr__nfet_01v8:5        
                                           |  (1,3) = (4,1)                            
                                           |  2 = 8                                    
                                           |  4 = 8                                    
                                           |                                           
                                           |                                           
(no matching instance)                     |Instance: sky130_fd_pr__nfet_01v8:6        
                                           |  (1,3) = (4,2)                            
                                           |  2 = 8                                    
                                           |  4 = 8                                    
                                           |                                           
---------------------------------------------------------------------------------------
Netlists do not match.
Port matching may fail to disambiguate symmetries.
Cells have no pins;  pin matching not needed.
Device classes /home/soumyadev158/ANALOG_DESIGNS/MAGIC_LAYOUTS/simulation/NMOS__Current_Mirror_part_LVS.spice and /home/soumyadev158/ANALOG_DESIGNS/MAGIC_LAYOUTS/Differential_Amplifier.spice are equivalent.

Final result: Netlists do not match.
Port matching may fail to disambiguate symmetries.
